
> ecommerce-wave-front@0.1.0 build
> next build

node.exe :  ΓÜá Mismatching @next/swc version, detected: 
15.5.7 while Next.js is on 15.5.11. Please ensure these 
match
En línea: 1 Carácter: 1
+ & "C:\Program Files\nodejs/node.exe" "C:\Program 
Files\nodejs/node_mo ...
+ ~~~~~~~~~~~~~~~~~~~~~~~~~~~~~~~~~~~~~~~~~~~~~~~~~~~~~~~
~~~~~~~~~~~~~~
    + CategoryInfo          : NotSpecified: ( ΓÜá Mismat 
   chin...ure these match:String) [], RemoteException
    + FullyQualifiedErrorId : NativeCommandError
 
   Γû▓ Next.js 15.5.11
   - Environments: .env.local

   Creating an optimized production build ...
 ΓÜá Mismatching @next/swc version, detected: 15.5.7 
while Next.js is on 15.5.11. Please ensure these match
 ΓÜá Mismatching @next/swc version, detected: 15.5.7 
while Next.js is on 15.5.11. Please ensure these match
 ΓÜá Mismatching @next/swc version, detected: 15.5.7 
while Next.js is on 15.5.11. Please ensure these match
 Γ£ô Compiled successfully in 5.2s
   Linting and checking validity of types ...
   Collecting page data ...
   Generating static pages (0/31) ...
   Generating static pages (7/31) 
 Γ¿» useSearchParams() should be wrapped in a suspense 
boundary at page "/accesorios". Read more: https://nextjs
.org/docs/messages/missing-suspense-with-csr-bailout
    at g (C:\Users\Marcos\Desktop\WaveArg-front\.next\ser
ver\chunks\5428.js:1:90744)
    at m (C:\Users\Marcos\Desktop\WaveArg-front\.next\ser
ver\chunks\5428.js:9:14152)
    at k (C:\Users\Marcos\Desktop\WaveArg-front\.next\ser
ver\app\(public)\accesorios\page.js:1:995)
    at n3 (C:\Users\Marcos\Desktop\WaveArg-front\node_mod
ules\next\dist\compiled\next-server\app-page.runtime.prod
.js:2:82831)
    at n6 (C:\Users\Marcos\Desktop\WaveArg-front\node_mod
ules\next\dist\compiled\next-server\app-page.runtime.prod
.js:2:84601)
    at n5 (C:\Users\Marcos\Desktop\WaveArg-front\node_mod
ules\next\dist\compiled\next-server\app-page.runtime.prod
.js:2:104801)
    at n7 (C:\Users\Marcos\Desktop\WaveArg-front\node_mod
ules\next\dist\compiled\next-server\app-page.runtime.prod
.js:2:102219)
    at n8 (C:\Users\Marcos\Desktop\WaveArg-front\node_mod
ules\next\dist\compiled\next-server\app-page.runtime.prod
.js:2:83183)
    at n6 (C:\Users\Marcos\Desktop\WaveArg-front\node_mod
ules\next\dist\compiled\next-server\app-page.runtime.prod
.js:2:84647)
    at n6 (C:\Users\Marcos\Desktop\WaveArg-front\node_mod
ules\next\dist\compiled\next-server\app-page.runtime.prod
.js:2:101560)
Error occurred prerendering page "/accesorios". Read 
more: https://nextjs.org/docs/messages/prerender-error
Export encountered an error on 
/(public)/accesorios/page: /accesorios, exiting the 
build.
 Γ¿» Next.js build worker exited with code: 1 and 
signal: null

